[usafundingapplications.org/v9/registration_form/index.html]
[cdnjs.cloudflare.com/ajax/libs/slick-carousel/1.5.0/slick-theme.css]
[cdnjs.cloudflare.com/ajax/libs/slick-carousel/1.9.0/slick.css]
[stackpath.bootstrapcdn.com/bootstrap/4.3.1/css/bootstrap.min.css]
[usafundingapplications.org/vx/layout/style/font-awesome/6.1.2/css/all.css]
[usafundingapplications.org/vx/layout/style/glyphicons/css/glyphicons.css]
[code.jquery.com/jquery-migrate-1.2.1.min.js]
[code.jquery.com/jquery-1.11.0.min.js]
[backblue.gif]
[fade.gif]
[index.html]
[cdn.jsdelivr.net/npm/slick-carousel@1.8.1/slick/slick.min.js]
[usafundingapplications.org/v9/wp-includes/css/dist/block-library/style.min6a4d.css]
[usafundingapplications.org/v9/wp-includes/css/classic-themes.min68b3.css]
[usafundingapplications.org/v9/wp-content/themes/trevor-base-theme/style6a4d.css]
[usafundingapplications.org/v9/wp-content/themes/trevor-base-theme/js/jquery.formatter.min68b3.js]
[usafundingapplications.org/vx_/images/LogoA.png]
[usafundingapplications.org/v9/wp-content/themes/trevor-base-theme/js/jquery-1.11.1.min.js]
[usafundingapplications.org/v9/wp-content/themes/trevor-base-theme/js/jquery.formatter.min.js]
[usafundingapplications.org/vx/usa/pci_form/ssl_logo.png]
[usafundingapplications.org/v9/wp-content/themes/trevor-base-theme/js/navigation4a7d.js]
[usafundingapplications.org/v9/wp-content/themes/trevor-base-theme/js/skip-link-focus-fix4a7d.js]
[usafundingapplications.org/v9/wp-content/themes/trevor-base-theme/js/custom4a7d.js]
[usafundingapplications.org/v9/registration_form/index.html]
[cdnjs.cloudflare.com/ajax/libs/slick-carousel/1.5.0/ajax-loader.gif]
[cdnjs.cloudflare.com/ajax/libs/slick-carousel/1.5.0/fonts/slick.eot]
[cdnjs.cloudflare.com/ajax/libs/slick-carousel/1.5.0/fonts/slickd41d.eot]
[cdnjs.cloudflare.com/ajax/libs/slick-carousel/1.5.0/fonts/slick.woff]
[cdnjs.cloudflare.com/ajax/libs/slick-carousel/1.5.0/fonts/slick.ttf]
[cdnjs.cloudflare.com/ajax/libs/slick-carousel/1.5.0/slick-theme.css]
[cdnjs.cloudflare.com/ajax/libs/slick-carousel/1.9.0/slick.css]
[stackpath.bootstrapcdn.com/bootstrap/4.3.1/css/bootstrap.min.css]
[cdnjs.cloudflare.com/ajax/libs/slick-carousel/1.5.0/fonts/slick.svg]
[usafundingapplications.org/vx/layout/style/font-awesome/6.1.2/css/all.css]
[usafundingapplications.org/vx/layout/style/glyphicons/css/glyphicons.css]
[usafundingapplications.org/v9/wp-includes/css/dist/block-library/style.min6a4d.css]
[usafundingapplications.org/v9/wp-includes/css/classic-themes.min68b3.css]
[usafundingapplications.org/v9/wp-content/themes/trevor-base-theme/assets/images/banner-short.png]
[usafundingapplications.org/v9/wp-content/themes/trevor-base-theme/assets/images/banner-rectangle-optimized.png]
[usafundingapplications.org/v9/wp-content/themes/trevor-base-theme/assets/images/header-space-filler.svg]
[usafundingapplications.org/v9/wp-content/themes/trevor-base-theme/assets/images/computer-header.png]
[usafundingapplications.org/v9/wp-content/themes/trevor-base-theme/assets/images/testimonial-section.svg]
[usafundingapplications.org/v9/wp-content/themes/trevor-base-theme/assets/images/header-space-filler-rotated.svg]
[usafundingapplications.org/v9/wp-content/themes/trevor-base-theme/assets/images/city-optimized.jpg]
[usafundingapplications.org/v9/wp-content/themes/trevor-base-theme/assets/images/online-training.png]
[usafundingapplications.org/v9/wp-content/themes/trevor-base-theme/assets/images/application-banner-optimized.png]
[usafundingapplications.org/v9/wp-content/themes/trevor-base-theme/style6a4d.css]
[www.securitymetrics.com/static/apps/super/assets/img/PCI_DSS_Validated_blue.2.html]
[cdnjs.cloudflare.com/ajax/libs/slick-carousel/1.5.0/fonts/slick.svg]
[usafundingapplications.org/v9/wp-content/themes/trevor-base-theme/assets/images/header-space-filler.svg]
[usafundingapplications.org/v9/wp-content/themes/trevor-base-theme/assets/images/testimonial-section.svg]
[usafundingapplications.org/v9/wp-content/themes/trevor-base-theme/assets/images/header-space-filler-rotated.svg]
